[alpha-exchange-repo] 2026-07-30T17:51:28.338Z load:db {"version":55,"purchaseRequests":1}
[alpha-exchange-repo] 2026-07-30T17:51:28.946Z save:db:attempt {"loadedVersion":55,"currentVersion":55,"incomingPurchaseRequests":0,"currentPurchaseRequests":1}
[alpha-exchange-repo] 2026-07-30T17:51:58.256Z load:db {"version":55,"purchaseRequests":1}
[alpha-exchange-repo] 2026-07-30T17:52:04.890Z save:db:attempt {"loadedVersion":0,"currentVersion":55,"incomingPurchaseRequests":0,"currentPurchaseRequests":1}
[alpha-exchange-repo] 2026-07-30T17:52:04.891Z save:db:stale-snapshot {"loadedVersion":0,"currentVersion":55,"incomingPurchaseRequests":0,"currentPurchaseRequests":1}
[alpha-exchange-repo] 2026-07-30T17:52:06.821Z load:db {"version":55,"purchaseRequests":1}
[alpha-exchange-repo] 2026-07-30T17:53:28.817Z load:fallback-memory {"version":0,"purchaseRequests":0}
[alpha-exchange-repo] 2026-07-30T17:53:28.820Z load:memory {"version":0,"purchaseRequests":0}
[alpha-exchange-repo] 2026-07-30T17:53:28.821Z save:memory:conflict {"loadedVersion":1,"currentVersion":2,"incomingPurchaseRequests":1,"currentPurchaseRequests":1}
[alpha-exchange-repo] 2026-07-30T17:53:28.822Z save:memory:merged {"loadedVersion":1,"previousVersion":2,"writtenVersion":3,"purchaseRequests":2}
[alpha-exchange-repo] 2026-07-30T17:54:01.055Z save:db:attempt {"loadedVersion":0,"currentVersion":55,"incomingPurchaseRequests":0,"currentPurchaseRequests":1}
[alpha-exchange-repo] 2026-07-30T17:54:01.057Z save:db:stale-snapshot {"loadedVersion":0,"currentVersion":55,"incomingPurchaseRequests":0,"currentPurchaseRequests":1}
[alpha-exchange-repo] 2026-07-30T17:54:03.447Z load:db {"version":55,"purchaseRequests":1}
[alpha-exchange-repo] 2026-07-30T17:54:31.284Z load:fallback-memory {"version":0,"purchaseRequests":0}
[alpha-exchange-repo] 2026-07-30T17:54:31.287Z load:memory {"version":0,"purchaseRequests":0}
[alpha-exchange-repo] 2026-07-30T17:54:31.288Z save:memory:conflict {"loadedVersion":1,"currentVersion":2,"incomingPurchaseRequests":1,"currentPurchaseRequests":1}
[alpha-exchange-repo] 2026-07-30T17:54:31.289Z save:memory:merged {"loadedVersion":1,"previousVersion":2,"writtenVersion":3,"purchaseRequests":2}
[alpha-exchange-repo] 2026-07-30T17:54:54.654Z save:db:attempt {"loadedVersion":0,"currentVersion":55,"incomingPurchaseRequests":0,"currentPurchaseRequests":1}
[alpha-exchange-repo] 2026-07-30T17:54:54.654Z save:db:stale-snapshot {"loadedVersion":0,"currentVersion":55,"incomingPurchaseRequests":0,"currentPurchaseRequests":1}
[alpha-exchange-repo] 2026-07-30T17:54:57.026Z load:db {"version":55,"purchaseRequests":1}
[alpha-exchange-repo] 2026-07-30T17:55:17.916Z save:db:attempt {"loadedVersion":0,"currentVersion":55,"incomingPurchaseRequests":0,"currentPurchaseRequests":1}
[alpha-exchange-repo] 2026-07-30T17:55:17.916Z save:db:stale-snapshot {"loadedVersion":0,"currentVersion":55,"incomingPurchaseRequests":0,"currentPurchaseRequests":1}
[alpha-exchange-repo] 2026-07-30T17:55:20.348Z load:db {"version":55,"purchaseRequests":1}
[alpha-exchange-repo] 2026-07-30T17:56:39.495Z save:db:attempt {"loadedVersion":0,"currentVersion":55,"incomingPurchaseRequests":0,"currentPurchaseRequests":1}
[alpha-exchange-repo] 2026-07-30T17:56:39.497Z save:db:stale-snapshot {"loadedVersion":0,"currentVersion":55,"incomingPurchaseRequests":0,"currentPurchaseRequests":1}
[alpha-exchange-repo] 2026-07-30T17:56:41.717Z load:db {"version":55,"purchaseRequests":1}
[alpha-exchange-repo] 2026-07-30T17:56:42.126Z save:db:merged {"loadedVersion":0,"currentVersion":55,"mergedVersion":0,"writtenVersion":56,"purchaseRequests":1}
[alpha-exchange-repo] 2026-07-30T17:57:03.008Z save:db:attempt {"loadedVersion":0,"currentVersion":56,"incomingPurchaseRequests":0,"currentPurchaseRequests":1}
[alpha-exchange-repo] 2026-07-30T17:57:03.010Z save:db:stale-snapshot {"loadedVersion":0,"currentVersion":56,"incomingPurchaseRequests":0,"currentPurchaseRequests":1}
[alpha-exchange-repo] 2026-07-30T18:07:03.333Z load:db {"version":56,"purchaseRequests":1}
[alpha-exchange-repo] 2026-07-30T18:10:42.589Z load:db {"version":56,"purchaseRequests":1}
[alpha-exchange-repo] 2026-07-30T18:14:19.333Z load:db {"version":56,"purchaseRequests":1}
[alpha-exchange-repo] 2026-07-30T18:19:02.914Z load:fallback-memory {"version":0,"purchaseRequests":0}
[alpha-exchange-repo] 2026-07-30T18:19:02.918Z load:memory {"version":0,"purchaseRequests":0}
[alpha-exchange-repo] 2026-07-30T18:19:02.919Z save:memory:conflict {"loadedVersion":1,"currentVersion":2,"incomingPurchaseRequests":1,"currentPurchaseRequests":1}
[alpha-exchange-repo] 2026-07-30T18:19:02.920Z save:memory:merged {"loadedVersion":1,"previousVersion":2,"writtenVersion":3,"purchaseRequests":2}
[alpha-exchange-repo] 2026-07-30T20:04:02.967Z load:fallback-memory {"version":0,"purchaseRequests":0}
[alpha-exchange-repo] 2026-07-30T20:04:02.971Z load:memory {"version":0,"purchaseRequests":0}
[alpha-exchange-repo] 2026-07-30T20:04:02.973Z save:memory:conflict {"loadedVersion":1,"currentVersion":2,"incomingPurchaseRequests":1,"currentPurchaseRequests":1}
[alpha-exchange-repo] 2026-07-30T20:04:02.974Z save:memory:merged {"loadedVersion":1,"previousVersion":2,"writtenVersion":3,"purchaseRequests":2}
[alpha-exchange-repo] 2026-07-30T20:06:43.294Z load:fallback-memory {"version":0,"purchaseRequests":0}
[alpha-exchange-repo] 2026-07-30T20:06:43.306Z load:memory {"version":0,"purchaseRequests":0}
[alpha-exchange-repo] 2026-07-30T20:06:43.307Z save:memory:conflict {"loadedVersion":1,"currentVersion":2,"incomingPurchaseRequests":1,"currentPurchaseRequests":1}
[alpha-exchange-repo] 2026-07-30T20:06:43.309Z save:memory:merged {"loadedVersion":1,"previousVersion":2,"writtenVersion":3,"purchaseRequests":2}
[alpha-exchange-repo] 2026-07-30T20:28:01.572Z load:db {"version":56,"purchaseRequests":1}
[alpha-exchange-repo] 2026-07-30T20:36:00.465Z load:db {"version":56,"purchaseRequests":1}
[alpha-exchange-repo] 2026-07-30T20:40:15.672Z load:fallback-memory {"version":0,"purchaseRequests":0}
[alpha-exchange-repo] 2026-07-30T20:40:15.675Z load:memory {"version":0,"purchaseRequests":0}
[alpha-exchange-repo] 2026-07-30T20:40:15.676Z save:memory:conflict {"loadedVersion":1,"currentVersion":2,"incomingPurchaseRequests":1,"currentPurchaseRequests":1}
[alpha-exchange-repo] 2026-07-30T20:40:15.677Z save:memory:merged {"loadedVersion":1,"previousVersion":2,"writtenVersion":3,"purchaseRequests":2}
[alpha-exchange-repo] 2026-07-30T20:40:29.911Z load:db {"version":56,"purchaseRequests":1}
[alpha-exchange-repo] 2026-07-30T20:43:32.453Z load:fallback-memory {"version":0,"purchaseRequests":0}
[alpha-exchange-repo] 2026-07-30T20:43:32.457Z load:memory {"version":0,"purchaseRequests":0}
[alpha-exchange-repo] 2026-07-30T20:43:32.458Z save:memory:conflict {"loadedVersion":1,"currentVersion":2,"incomingPurchaseRequests":1,"currentPurchaseRequests":1}
[alpha-exchange-repo] 2026-07-30T20:43:32.460Z save:memory:merged {"loadedVersion":1,"previousVersion":2,"writtenVersion":3,"purchaseRequests":2}
[alpha-exchange-repo] 2026-07-30T20:43:51.676Z load:db {"version":56,"purchaseRequests":1}
[alpha-exchange-repo] 2026-07-30T20:50:20.540Z load:memory {"version":0,"purchaseRequests":0}
[alpha-exchange-repo] 2026-07-30T20:50:20.544Z load:memory {"version":0,"purchaseRequests":0}
[alpha-exchange-repo] 2026-07-30T20:50:20.545Z save:memory {"loadedVersion":0,"previousVersion":0,"writtenVersion":1,"purchaseRequests":0}
[alpha-exchange-repo] 2026-07-30T20:50:20.547Z load:memory {"version":0,"purchaseRequests":0}
[alpha-exchange-repo] 2026-07-30T20:50:20.548Z save:memory:conflict {"loadedVersion":1,"currentVersion":2,"incomingPurchaseRequests":1,"currentPurchaseRequests":1}
[alpha-exchange-repo] 2026-07-30T20:50:20.549Z save:memory:merged {"loadedVersion":1,"previousVersion":2,"writtenVersion":3,"purchaseRequests":2}
[alpha-exchange-repo] 2026-07-30T20:50:29.919Z load:db {"version":56,"purchaseRequests":1}
[alpha-exchange-repo] 2026-07-30T20:55:29.179Z load:memory {"version":0,"purchaseRequests":0}
[alpha-exchange-repo] 2026-07-30T20:55:29.184Z save:memory {"loadedVersion":0,"previousVersion":0,"writtenVersion":1,"purchaseRequests":0}
[alpha-exchange-repo] 2026-07-30T20:56:06.993Z load:memory {"version":1,"purchaseRequests":0}
[alpha-exchange-repo] 2026-07-30T20:56:06.996Z save:memory {"loadedVersion":1,"previousVersion":1,"writtenVersion":2,"purchaseRequests":0}
[alpha-exchange-repo] 2026-07-30T20:56:22.167Z load:memory {"version":2,"purchaseRequests":0}
[alpha-exchange-repo] 2026-07-30T20:56:38.314Z load:memory {"version":2,"purchaseRequests":0}
[alpha-exchange-repo] 2026-07-30T20:57:17.238Z load:memory {"version":2,"purchaseRequests":0}
[alpha-exchange-repo] 2026-07-30T20:57:17.241Z save:memory {"loadedVersion":2,"previousVersion":2,"writtenVersion":3,"purchaseRequests":0}
[alpha-exchange-repo] 2026-07-30T20:57:18.525Z load:memory {"version":3,"purchaseRequests":0}
[alpha-exchange-repo] 2026-07-30T20:57:21.726Z load:memory {"version":3,"purchaseRequests":0}
